VideoSubFinderWXW.cpp:194 Starting program...
VideoSubFinderWXW.cpp:195 CVideoSubFinderApp::Initialize...
VideoSubFinderWXW.cpp:197 CVideoSubFinderApp::Initial LoadSettings...
MainFrm.cpp:1252 CMainFrame::LoadSettings(): starting...
MainFrm.cpp:1254 CMainFrame::LoadSettings(): ReadSettings(g_GeneralSettingsFileName, g_general_settings)...
MainFrm.cpp:1272 CMainFrame::LoadSettings(): reading properties from g_general_settings...
MainFrm.cpp:1443 CMainFrame::LoadSettings(): reading properties from g_general_settings end.
MainFrm.cpp:1447 CMainFrame::LoadSettings(): LoadLocaleSettings(.. g_cfg.m_prefered_locale ..)...
MainFrm.cpp:1456 CMainFrame::LoadLocaleSettings(): starting for "G:/MyAPP/Easy-AI-SubOCR/assets/tools/videosubfinder/Release_x64/settings/eng/locale.cfg" ...
MainFrm.cpp:1465 CMainFrame::LoadLocaleSettings(): reading properties from "G:/MyAPP/Easy-AI-SubOCR/assets/tools/videosubfinder/Release_x64/settings/eng/locale.cfg" ...
MainFrm.cpp:1707 CMainFrame::LoadLocaleSettings(): finished.
VideoSubFinderWXW.cpp:210 CVideoSubFinderApp::LoadSettings again with affect of command line...
MainFrm.cpp:1252 CMainFrame::LoadSettings(): starting...
MainFrm.cpp:1254 CMainFrame::LoadSettings(): ReadSettings(g_GeneralSettingsFileName, g_general_settings)...
MainFrm.cpp:1259 CMainFrame::LoadSettings(): Updating g_general_settings according command line options...
MainFrm.cpp:1272 CMainFrame::LoadSettings(): reading properties from g_general_settings...
MainFrm.cpp:1443 CMainFrame::LoadSettings(): reading properties from g_general_settings end.
MainFrm.cpp:1447 CMainFrame::LoadSettings(): LoadLocaleSettings(.. g_cfg.m_prefered_locale ..)...
MainFrm.cpp:1456 CMainFrame::LoadLocaleSettings(): starting for "G:/MyAPP/Easy-AI-SubOCR/assets/tools/videosubfinder/Release_x64/settings/eng/locale.cfg" ...
MainFrm.cpp:1465 CMainFrame::LoadLocaleSettings(): reading properties from "G:/MyAPP/Easy-AI-SubOCR/assets/tools/videosubfinder/Release_x64/settings/eng/locale.cfg" ...
MainFrm.cpp:1707 CMainFrame::LoadLocaleSettings(): finished.
VideoSubFinderWXW.cpp:231 wxApp::Initialize...
VideoSubFinderWXW.cpp:247 new CMainFrame...
VideoSubFinderWXW.cpp:249 CMainFrame was created.
VideoSubFinderWXW.cpp:254 m_pMainWnd->Init...
MainFrm.cpp:514 CMainFrame::Init(): starting...
MainFrm.cpp:518 CMainFrame::Init(): InitCUDADevice...
MainFrm.cpp:386 CMainFrame::Init(): init m_LBLFont...
MainFrm.cpp:402 CMainFrame::Init(): init m_BTNFont...
MainFrm.cpp:534 CMainFrame::Init(): CreateMenuBar() ...
MainFrm.cpp:419 CMainFrame::CreateMenuBar(): starting ...
MainFrm.cpp:507 CMainFrame::CreateMenuBar(): end.
MainFrm.cpp:537 CMainFrame::Init(): this->SetMenuBar(pMenuBar)...
MainFrm.cpp:540 CMainFrame::Init(): new CImageBox(this)...
MainFrm.cpp:543 CMainFrame::Init(): m_pImageBox->Init()...
MainFrm.cpp:549 CMainFrame::Init(): new CVideoBox(this)...
MainFrm.cpp:552 CMainFrame::Init(): m_pVideoBox->Init()...
MainFrm.cpp:554 CMainFrame::Init(): m_pVideoBox->Bind...
MainFrm.cpp:571 CMainFrame::Init(): new CSSOWnd(this)...
MainFrm.cpp:574 CMainFrame::Init(): this->SetSize(..)...
MainFrm.cpp:596 CMainFrame::Init(): m_pPanel->Init()...
SSOWnd.cpp:68 CSSOWnd::Init(): starting...
SSOWnd.cpp:77 CSSOWnd::Init(): new CSearchPanel(this)...
SSOWnd.cpp:79 CSSOWnd::Init(): new CSettingsPanel(this)...
SSOWnd.cpp:81 CSSOWnd::Init(): new COCRPanel(this)...
SSOWnd.cpp:83 CSSOWnd::Init(): m_pSHPanel->Init()...
SearchPanel.cpp:47 CSearchPanel::Init(): starting...
SearchPanel.cpp:86 CSearchPanel::Init(): init m_pP1...
SearchPanel.cpp:92 CSearchPanel::Init(): init m_plblBT1...
SearchPanel.cpp:99 CSearchPanel::Init(): init m_plblBT2...
SearchPanel.cpp:105 CSearchPanel::Init(): init m_plblBTA1...
SearchPanel.cpp:112 CSearchPanel::Init(): init m_plblBTA2...
SearchPanel.cpp:119 CSearchPanel::Init(): init m_pClear...
SearchPanel.cpp:125 CSearchPanel::Init(): init m_pRun...
SearchPanel.cpp:183 CSearchPanel::Init(): finished.
SSOWnd.cpp:85 CSSOWnd::Init(): m_pSSPanel->Init()...
SettingsPanel.cpp:46 CSettingsPanel::Init(): starting...
SettingsPanel.cpp:127 CSettingsPanel::Init(): init m_pP2...
SettingsPanel.cpp:133 CSettingsPanel::Init(): init m_pGB1...
SettingsPanel.cpp:140 CSettingsPanel::Init(): init m_pGB2...
SettingsPanel.cpp:147 CSettingsPanel::Init(): init m_pGB3...
SettingsPanel.cpp:155 CSettingsPanel::Init(): init m_pTest...
SettingsPanel.cpp:167 CSettingsPanel::Init(): init m_pLeft...
SettingsPanel.cpp:174 CSettingsPanel::Init(): init m_pRight...
SettingsPanel.cpp:178 CSettingsPanel::Init(): init m_plblIF...
SettingsPanel.cpp:185 CSettingsPanel::Init(): init m_pOI...
SettingsPanel.cpp:191 CSettingsPanel::Init(): init m_pOI m_ssp_oi_group_global_image_processing_settings...
FFMPEGVideo.cpp:34 GetAvailableHWDeviceTypes: starting...
FFMPEGVideo.cpp:47 GetAvailableHWDeviceTypes: finished.
SettingsPanel.cpp:225 CSettingsPanel::Init(): init m_pOI m_ssp_oi_group_initial_image_processing...
SettingsPanel.cpp:246 CSettingsPanel::Init(): init m_pOI m_ssp_oi_group_tertiary_image_processing...
SettingsPanel.cpp:253 CSettingsPanel::Init(): init m_pOIM...
SettingsPanel.cpp:259 CSettingsPanel::Init(): init m_pOIM m_ssp_oim_group_ocr_settings...
SettingsPanel.cpp:297 CSettingsPanel::Init(): init m_pOIM m_ssp_oim_group_settings_for_multiframe_image_processing...
SettingsPanel.cpp:345 CSettingsPanel::Init(): init m_plblGSFN...
SettingsPanel.cpp:352 CSettingsPanel::Init(): init m_pGSFN...
SettingsPanel.cpp:361 CSettingsPanel::Init(): init m_plblPixelColor...
SettingsPanel.cpp:382 CSettingsPanel::Init(): init m_pPixelColorRGB...
SettingsPanel.cpp:390 CSettingsPanel::Init(): init m_pPixelColorLab...
SettingsPanel.cpp:398 CSettingsPanel::Init(): init m_pPixelColorExample...
SettingsPanel.cpp:411 CSettingsPanel::Init(): init top_sizer...
SettingsPanel.cpp:413 CSettingsPanel::Init(): init button_sizer...
SettingsPanel.cpp:482 CSettingsPanel::Init(): finished.
SSOWnd.cpp:87 CSSOWnd::Init(): m_pOCRPanel->Init()...
OCRPanel.cpp:207 COCRPanel::Init(): starting...
OCRPanel.cpp:307 COCRPanel::Init(): this->SetSize(rcP3)...
OCRPanel.cpp:310 COCRPanel::Init(): init m_pP3...
OCRPanel.cpp:316 COCRPanel::Init(): init m_pGB...
OCRPanel.cpp:323 COCRPanel::Init(): init m_pDG...
OCRPanel.cpp:349 COCRPanel::Init(): init m_pCCTI...
OCRPanel.cpp:355 COCRPanel::Init(): init m_pCSTXT...
OCRPanel.cpp:361 COCRPanel::Init(): init m_pCSCTI...
OCRPanel.cpp:367 COCRPanel::Init(): init m_pCES...
OCRPanel.cpp:373 COCRPanel::Init(): init m_pJOIN...
OCRPanel.cpp:387 COCRPanel::Init(): this->SetSizer(top_sizer)...
OCRPanel.cpp:429 COCRPanel::Init(): finished.
SSOWnd.cpp:92 CSSOWnd::Init(): AddPage's...
SSOWnd.cpp:102 CSSOWnd::Init(): finished.
MainFrm.cpp:602 CMainFrame::Init(): m_pImageBox->SetSize(..)...
MainFrm.cpp:604 CMainFrame::Init(): m_pImageBox->Show(true)...
MainFrm.cpp:607 CMainFrame::Init(): m_pVideoBox->SetSize(..)...
MainFrm.cpp:609 CMainFrame::Init(): m_pVideoBox->Show(true)...
MainFrm.cpp:639 CMainFrame::Init(): finished.
VideoSubFinderWXW.cpp:256 m_pMainWnd->Init was finished.
VideoSubFinderWXW.cpp:320 setting: m_pMainWnd->m_blnNoGUI = true
